// Jest Snapshot v1, https://goo.gl/fbAQLP

exports[`Landing Page renders 1`] = `
ShallowWrapper {
  "length": 1,
  Symbol(enzyme.__root__): [Circular],
  Symbol(enzyme.__unrendered__): <Landing />,
  Symbol(enzyme.__renderer__): Object {
    "batchedUpdates": [Function],
    "getNode": [Function],
    "render": [Function],
    "simulateEvent": [Function],
    "unmount": [Function],
  },
  Symbol(enzyme.__node__): Object {
    "instance": null,
    "key": undefined,
    "nodeType": "host",
    "props": Object {
      "children": <nav>
        <div
                className="row justify-content-around"
        >
                <div
                        className="col"
                        id="art"
                >
                        <Link
                                className="nav animated fadeInUp"
                                replace={false}
                                to="/art"
                        >
                                Art
                        </Link>
                </div>
                <div
                        className="col-2"
                        id="about"
                >
                        <Link
                                className="nav animated fadeIn animation-delay-1000"
                                replace={false}
                                to="/about"
                        >
                                Yee Wai
                        </Link>
                </div>
                <div
                        className="col"
                        id="code"
                >
                        <Link
                                className="nav animated fadeInUp"
                                replace={false}
                                to="/code"
                        >
                                Code
                        </Link>
                </div>
        </div>
</nav>,
      "className": "landing",
      "style": Object {
        "margin-top": "76.36363636363636px",
      },
    },
    "ref": null,
    "rendered": Object {
      "instance": null,
      "key": undefined,
      "nodeType": "host",
      "props": Object {
        "children": <div
          className="row justify-content-around"
>
          <div
                    className="col"
                    id="art"
          >
                    <Link
                              className="nav animated fadeInUp"
                              replace={false}
                              to="/art"
                    >
                              Art
                    </Link>
          </div>
          <div
                    className="col-2"
                    id="about"
          >
                    <Link
                              className="nav animated fadeIn animation-delay-1000"
                              replace={false}
                              to="/about"
                    >
                              Yee Wai
                    </Link>
          </div>
          <div
                    className="col"
                    id="code"
          >
                    <Link
                              className="nav animated fadeInUp"
                              replace={false}
                              to="/code"
                    >
                              Code
                    </Link>
          </div>
</div>,
      },
      "ref": null,
      "rendered": Object {
        "instance": null,
        "key": undefined,
        "nodeType": "host",
        "props": Object {
          "children": Array [
            <div
              className="col"
              id="art"
>
              <Link
                            className="nav animated fadeInUp"
                            replace={false}
                            to="/art"
              >
                            Art
              </Link>
</div>,
            <div
              className="col-2"
              id="about"
>
              <Link
                            className="nav animated fadeIn animation-delay-1000"
                            replace={false}
                            to="/about"
              >
                            Yee Wai
              </Link>
</div>,
            <div
              className="col"
              id="code"
>
              <Link
                            className="nav animated fadeInUp"
                            replace={false}
                            to="/code"
              >
                            Code
              </Link>
</div>,
          ],
          "className": "row justify-content-around",
        },
        "ref": null,
        "rendered": Array [
          Object {
            "instance": null,
            "key": undefined,
            "nodeType": "host",
            "props": Object {
              "children": <Link
                className="nav animated fadeInUp"
                replace={false}
                to="/art"
>
                Art
</Link>,
              "className": "col",
              "id": "art",
            },
            "ref": null,
            "rendered": Object {
              "instance": null,
              "key": undefined,
              "nodeType": "class",
              "props": Object {
                "children": "Art",
                "className": "nav animated fadeInUp",
                "replace": false,
                "to": "/art",
              },
              "ref": null,
              "rendered": "Art",
              "type": [Function],
            },
            "type": "div",
          },
          Object {
            "instance": null,
            "key": undefined,
            "nodeType": "host",
            "props": Object {
              "children": <Link
                className="nav animated fadeIn animation-delay-1000"
                replace={false}
                to="/about"
>
                Yee Wai
</Link>,
              "className": "col-2",
              "id": "about",
            },
            "ref": null,
            "rendered": Object {
              "instance": null,
              "key": undefined,
              "nodeType": "class",
              "props": Object {
                "children": "Yee Wai",
                "className": "nav animated fadeIn animation-delay-1000",
                "replace": false,
                "to": "/about",
              },
              "ref": null,
              "rendered": "Yee Wai",
              "type": [Function],
            },
            "type": "div",
          },
          Object {
            "instance": null,
            "key": undefined,
            "nodeType": "host",
            "props": Object {
              "children": <Link
                className="nav animated fadeInUp"
                replace={false}
                to="/code"
>
                Code
</Link>,
              "className": "col",
              "id": "code",
            },
            "ref": null,
            "rendered": Object {
              "instance": null,
              "key": undefined,
              "nodeType": "class",
              "props": Object {
                "children": "Code",
                "className": "nav animated fadeInUp",
                "replace": false,
                "to": "/code",
              },
              "ref": null,
              "rendered": "Code",
              "type": [Function],
            },
            "type": "div",
          },
        ],
        "type": "div",
      },
      "type": "nav",
    },
    "type": "section",
  },
  Symbol(enzyme.__nodes__): Array [
    Object {
      "instance": null,
      "key": undefined,
      "nodeType": "host",
      "props": Object {
        "children": <nav>
          <div
                    className="row justify-content-around"
          >
                    <div
                              className="col"
                              id="art"
                    >
                              <Link
                                        className="nav animated fadeInUp"
                                        replace={false}
                                        to="/art"
                              >
                                        Art
                              </Link>
                    </div>
                    <div
                              className="col-2"
                              id="about"
                    >
                              <Link
                                        className="nav animated fadeIn animation-delay-1000"
                                        replace={false}
                                        to="/about"
                              >
                                        Yee Wai
                              </Link>
                    </div>
                    <div
                              className="col"
                              id="code"
                    >
                              <Link
                                        className="nav animated fadeInUp"
                                        replace={false}
                                        to="/code"
                              >
                                        Code
                              </Link>
                    </div>
          </div>
</nav>,
        "className": "landing",
        "style": Object {
          "margin-top": "76.36363636363636px",
        },
      },
      "ref": null,
      "rendered": Object {
        "instance": null,
        "key": undefined,
        "nodeType": "host",
        "props": Object {
          "children": <div
            className="row justify-content-around"
>
            <div
                        className="col"
                        id="art"
            >
                        <Link
                                    className="nav animated fadeInUp"
                                    replace={false}
                                    to="/art"
                        >
                                    Art
                        </Link>
            </div>
            <div
                        className="col-2"
                        id="about"
            >
                        <Link
                                    className="nav animated fadeIn animation-delay-1000"
                                    replace={false}
                                    to="/about"
                        >
                                    Yee Wai
                        </Link>
            </div>
            <div
                        className="col"
                        id="code"
            >
                        <Link
                                    className="nav animated fadeInUp"
                                    replace={false}
                                    to="/code"
                        >
                                    Code
                        </Link>
            </div>
</div>,
        },
        "ref": null,
        "rendered": Object {
          "instance": null,
          "key": undefined,
          "nodeType": "host",
          "props": Object {
            "children": Array [
              <div
                className="col"
                id="art"
>
                <Link
                                className="nav animated fadeInUp"
                                replace={false}
                                to="/art"
                >
                                Art
                </Link>
</div>,
              <div
                className="col-2"
                id="about"
>
                <Link
                                className="nav animated fadeIn animation-delay-1000"
                                replace={false}
                                to="/about"
                >
                                Yee Wai
                </Link>
</div>,
              <div
                className="col"
                id="code"
>
                <Link
                                className="nav animated fadeInUp"
                                replace={false}
                                to="/code"
                >
                                Code
                </Link>
</div>,
            ],
            "className": "row justify-content-around",
          },
          "ref": null,
          "rendered": Array [
            Object {
              "instance": null,
              "key": undefined,
              "nodeType": "host",
              "props": Object {
                "children": <Link
                  className="nav animated fadeInUp"
                  replace={false}
                  to="/art"
>
                  Art
</Link>,
                "className": "col",
                "id": "art",
              },
              "ref": null,
              "rendered": Object {
                "instance": null,
                "key": undefined,
                "nodeType": "class",
                "props": Object {
                  "children": "Art",
                  "className": "nav animated fadeInUp",
                  "replace": false,
                  "to": "/art",
                },
                "ref": null,
                "rendered": "Art",
                "type": [Function],
              },
              "type": "div",
            },
            Object {
              "instance": null,
              "key": undefined,
              "nodeType": "host",
              "props": Object {
                "children": <Link
                  className="nav animated fadeIn animation-delay-1000"
                  replace={false}
                  to="/about"
>
                  Yee Wai
</Link>,
                "className": "col-2",
                "id": "about",
              },
              "ref": null,
              "rendered": Object {
                "instance": null,
                "key": undefined,
                "nodeType": "class",
                "props": Object {
                  "children": "Yee Wai",
                  "className": "nav animated fadeIn animation-delay-1000",
                  "replace": false,
                  "to": "/about",
                },
                "ref": null,
                "rendered": "Yee Wai",
                "type": [Function],
              },
              "type": "div",
            },
            Object {
              "instance": null,
              "key": undefined,
              "nodeType": "host",
              "props": Object {
                "children": <Link
                  className="nav animated fadeInUp"
                  replace={false}
                  to="/code"
>
                  Code
</Link>,
                "className": "col",
                "id": "code",
              },
              "ref": null,
              "rendered": Object {
                "instance": null,
                "key": undefined,
                "nodeType": "class",
                "props": Object {
                  "children": "Code",
                  "className": "nav animated fadeInUp",
                  "replace": false,
                  "to": "/code",
                },
                "ref": null,
                "rendered": "Code",
                "type": [Function],
              },
              "type": "div",
            },
          ],
          "type": "div",
        },
        "type": "nav",
      },
      "type": "section",
    },
  ],
  Symbol(enzyme.__options__): Object {
    "adapter": ReactSixteenAdapter {
      "options": Object {
        "enableComponentDidUpdateOnSetState": true,
      },
    },
  },
}
`;
