// Jest Snapshot v1, https://goo.gl/fbAQLP

exports[`Nav renders 1`] = `
ShallowWrapper {
  "length": 1,
  Symbol(enzyme.__root__): [Circular],
  Symbol(enzyme.__unrendered__): <Unknown
    match={
        Object {
            "url": "/art/awofnbl",
          }
    }
/>,
  Symbol(enzyme.__renderer__): Object {
    "batchedUpdates": [Function],
    "getNode": [Function],
    "render": [Function],
    "simulateEvent": [Function],
    "unmount": [Function],
  },
  Symbol(enzyme.__node__): Object {
    "instance": null,
    "key": undefined,
    "nodeType": "host",
    "props": Object {
      "children": Array [
        <div
          className="col item selected"
          id="art"
>
          <Link
                    className="nav"
                    replace={false}
                    to="/art"
          >
                    <h2>
                              Art
                    </h2>
          </Link>
</div>,
        <div
          className="col-2 item "
          id="about"
>
          <Link
                    className="nav"
                    replace={false}
                    to="/about"
          >
                    <h2>
                              Yee Wai
                    </h2>
          </Link>
</div>,
        <div
          className="col item "
          id="code"
>
          <Link
                    className="nav"
                    replace={false}
                    to="/code"
          >
                    <h2>
                              Code
                    </h2>
          </Link>
</div>,
      ],
      "className": "mainnav row justify-content-around animated slideInDown",
    },
    "ref": null,
    "rendered": Array [
      Object {
        "instance": null,
        "key": undefined,
        "nodeType": "host",
        "props": Object {
          "children": <Link
            className="nav"
            replace={false}
            to="/art"
>
            <h2>
                        Art
            </h2>
</Link>,
          "className": "col item selected",
          "id": "art",
        },
        "ref": null,
        "rendered": Object {
          "instance": null,
          "key": undefined,
          "nodeType": "class",
          "props": Object {
            "children": <h2>
              Art
</h2>,
            "className": "nav",
            "replace": false,
            "to": "/art",
          },
          "ref": null,
          "rendered": Object {
            "instance": null,
            "key": undefined,
            "nodeType": "host",
            "props": Object {
              "children": "Art",
            },
            "ref": null,
            "rendered": "Art",
            "type": "h2",
          },
          "type": [Function],
        },
        "type": "div",
      },
      Object {
        "instance": null,
        "key": undefined,
        "nodeType": "host",
        "props": Object {
          "children": <Link
            className="nav"
            replace={false}
            to="/about"
>
            <h2>
                        Yee Wai
            </h2>
</Link>,
          "className": "col-2 item ",
          "id": "about",
        },
        "ref": null,
        "rendered": Object {
          "instance": null,
          "key": undefined,
          "nodeType": "class",
          "props": Object {
            "children": <h2>
              Yee Wai
</h2>,
            "className": "nav",
            "replace": false,
            "to": "/about",
          },
          "ref": null,
          "rendered": Object {
            "instance": null,
            "key": undefined,
            "nodeType": "host",
            "props": Object {
              "children": "Yee Wai",
            },
            "ref": null,
            "rendered": "Yee Wai",
            "type": "h2",
          },
          "type": [Function],
        },
        "type": "div",
      },
      Object {
        "instance": null,
        "key": undefined,
        "nodeType": "host",
        "props": Object {
          "children": <Link
            className="nav"
            replace={false}
            to="/code"
>
            <h2>
                        Code
            </h2>
</Link>,
          "className": "col item ",
          "id": "code",
        },
        "ref": null,
        "rendered": Object {
          "instance": null,
          "key": undefined,
          "nodeType": "class",
          "props": Object {
            "children": <h2>
              Code
</h2>,
            "className": "nav",
            "replace": false,
            "to": "/code",
          },
          "ref": null,
          "rendered": Object {
            "instance": null,
            "key": undefined,
            "nodeType": "host",
            "props": Object {
              "children": "Code",
            },
            "ref": null,
            "rendered": "Code",
            "type": "h2",
          },
          "type": [Function],
        },
        "type": "div",
      },
    ],
    "type": "nav",
  },
  Symbol(enzyme.__nodes__): Array [
    Object {
      "instance": null,
      "key": undefined,
      "nodeType": "host",
      "props": Object {
        "children": Array [
          <div
            className="col item selected"
            id="art"
>
            <Link
                        className="nav"
                        replace={false}
                        to="/art"
            >
                        <h2>
                                    Art
                        </h2>
            </Link>
</div>,
          <div
            className="col-2 item "
            id="about"
>
            <Link
                        className="nav"
                        replace={false}
                        to="/about"
            >
                        <h2>
                                    Yee Wai
                        </h2>
            </Link>
</div>,
          <div
            className="col item "
            id="code"
>
            <Link
                        className="nav"
                        replace={false}
                        to="/code"
            >
                        <h2>
                                    Code
                        </h2>
            </Link>
</div>,
        ],
        "className": "mainnav row justify-content-around animated slideInDown",
      },
      "ref": null,
      "rendered": Array [
        Object {
          "instance": null,
          "key": undefined,
          "nodeType": "host",
          "props": Object {
            "children": <Link
              className="nav"
              replace={false}
              to="/art"
>
              <h2>
                            Art
              </h2>
</Link>,
            "className": "col item selected",
            "id": "art",
          },
          "ref": null,
          "rendered": Object {
            "instance": null,
            "key": undefined,
            "nodeType": "class",
            "props": Object {
              "children": <h2>
                Art
</h2>,
              "className": "nav",
              "replace": false,
              "to": "/art",
            },
            "ref": null,
            "rendered": Object {
              "instance": null,
              "key": undefined,
              "nodeType": "host",
              "props": Object {
                "children": "Art",
              },
              "ref": null,
              "rendered": "Art",
              "type": "h2",
            },
            "type": [Function],
          },
          "type": "div",
        },
        Object {
          "instance": null,
          "key": undefined,
          "nodeType": "host",
          "props": Object {
            "children": <Link
              className="nav"
              replace={false}
              to="/about"
>
              <h2>
                            Yee Wai
              </h2>
</Link>,
            "className": "col-2 item ",
            "id": "about",
          },
          "ref": null,
          "rendered": Object {
            "instance": null,
            "key": undefined,
            "nodeType": "class",
            "props": Object {
              "children": <h2>
                Yee Wai
</h2>,
              "className": "nav",
              "replace": false,
              "to": "/about",
            },
            "ref": null,
            "rendered": Object {
              "instance": null,
              "key": undefined,
              "nodeType": "host",
              "props": Object {
                "children": "Yee Wai",
              },
              "ref": null,
              "rendered": "Yee Wai",
              "type": "h2",
            },
            "type": [Function],
          },
          "type": "div",
        },
        Object {
          "instance": null,
          "key": undefined,
          "nodeType": "host",
          "props": Object {
            "children": <Link
              className="nav"
              replace={false}
              to="/code"
>
              <h2>
                            Code
              </h2>
</Link>,
            "className": "col item ",
            "id": "code",
          },
          "ref": null,
          "rendered": Object {
            "instance": null,
            "key": undefined,
            "nodeType": "class",
            "props": Object {
              "children": <h2>
                Code
</h2>,
              "className": "nav",
              "replace": false,
              "to": "/code",
            },
            "ref": null,
            "rendered": Object {
              "instance": null,
              "key": undefined,
              "nodeType": "host",
              "props": Object {
                "children": "Code",
              },
              "ref": null,
              "rendered": "Code",
              "type": "h2",
            },
            "type": [Function],
          },
          "type": "div",
        },
      ],
      "type": "nav",
    },
  ],
  Symbol(enzyme.__options__): Object {
    "adapter": ReactSixteenAdapter {
      "options": Object {
        "enableComponentDidUpdateOnSetState": true,
      },
    },
  },
}
`;
